ALL ORIGINAL V1 PRESERVATION CHECKS PASSED
ALL RTL STYLE AND UNCHANGED FAST CORE CHECKS PASSED
ALL SCORE NORMALIZATION TESTS PASSED: paired clean/noisy patterns; identity intensity scale.
ALL EIGHT-PLACEMENT CALIBRATION TESTS PASSED
ALL IDEAL EDGE ANGLE TESTS PASSED: 36 orientations
Reference vectors: 16 frames, 1080 border cases, 3 NMS maps.
ALL FAST/SCORE TESTS PASSED: 1551 cases
PASS NMS map=0 scores=117 keypoints=1
PASS NMS map=1 scores=117 keypoints=0
PASS NMS map=2 scores=117 keypoints=9
ALL NMS TESTS PASSED
PASS frame=0 7x7 level=0 threshold=20 dense=1 keys=0 mode=0
PASS frame=1 9x9 level=1 threshold=20 dense=9 keys=1 mode=2
PASS reset during detector pipeline after 350 pixels
PASS frame=2 31x27 level=2 threshold=20 dense=525 keys=48 mode=1
PASS frame=3 33x29 level=0 threshold=0 dense=621 keys=57 mode=2
PASS frame=4 17x15 level=1 threshold=255 dense=99 keys=0 mode=1
PASS frame=5 640x480 level=0 threshold=20 dense=300516 keys=540 mode=0
PASS frame=6 320x240 level=1 threshold=20 dense=73476 keys=130 mode=1
PASS frame=7 160x120 level=2 threshold=20 dense=17556 keys=35 mode=2
ALL DETECTOR TESTS PASSED: dense=392928 keypoints=820
ALL FAST REGRESSION TESTS PASSED
ALL BORDER DETECTOR TESTS PASSED: 1080 cases, invalid slots poisoned
ALL HYBRID TRANSITION TESTS PASSED: nine forced boundary/transition stalls
PASS NMS map=0 scores=99 keypoints=11
PASS NMS map=1 scores=99 keypoints=0
PASS NMS map=2 scores=99 keypoints=13
ALL NMS V2 TESTS PASSED
PASS V2 frame=0 7x7 map=49 keys=0 V1keys=0 cycles=93 inputspan=49
PASS V2 frame=1 9x9 map=81 keys=4 V1keys=0 cycles=173 inputspan=98
PASS V2 frame=2 23x19 map=437 keys=0 V1keys=0 cycles=574 inputspan=466
PASS V2 frame=3 23x19 map=437 keys=0 V1keys=0 cycles=606 inputspan=498
PASS V2 frame=4 23x19 map=437 keys=0 V1keys=0 cycles=581 inputspan=473
PASS V2 frame=5 23x19 map=437 keys=0 V1keys=0 cycles=588 inputspan=480
PASS V2 frame=6 23x19 map=437 keys=1 V1keys=0 cycles=613 inputspan=504
PASS V2 frame=7 23x19 map=437 keys=0 V1keys=0 cycles=575 inputspan=467
PASS V2 frame=8 23x19 map=437 keys=1 V1keys=1 cycles=620 inputspan=512
PASS V2 frame=9 23x19 map=437 keys=1 V1keys=1 cycles=611 inputspan=503
PASS reset mid-frame
PASS V2 frame=10 23x19 map=437 keys=33 V1keys=16 cycles=619 inputspan=484
PASS V2 frame=11 25x21 map=525 keys=43 V1keys=22 cycles=734 inputspan=585
PASS V2 frame=12 17x15 map=255 keys=0 V1keys=0 cycles=359 inputspan=275
PASS V2 frame=13 640x480 map=307200 keys=544 V1keys=540 cycles=309776 inputspan=307200
PASS V2 frame=14 320x240 map=76800 keys=134 V1keys=130 cycles=85218 inputspan=83899
PASS V2 frame=15 160x120 map=19200 keys=39 V1keys=35 cycles=21671 inputspan=20988
ALL STREAMING TESTS PASSED
ALL DETECTOR V2 TESTS PASSED: actual V1/V2 core comparison
ALL ORIGINAL V1 PRESERVATION CHECKS PASSED
ALL RTL STYLE AND UNCHANGED FAST CORE CHECKS PASSED
